2024/04/20 	 11:35:52 	 fb93cb8b-a308-45f7-899b-11e20fee4978 	 Invalid or empty value passed as object id in bookResource controller. 
